#-----------------------------------------------------------
# Vivado v2020.2 (64-bit)
# SW Build 3064766 on Wed Nov 18 09:12:47 MST 2020
# IP Build 3064653 on Wed Nov 18 14:17:31 MST 2020
# Start of session at: Tue Feb  4 15:02:50 2025
# Process ID: 4027
# Current directory: /home/user/workspace/SiMRA-DRAM
# Command line: vivado
# Log file: /home/user/workspace/SiMRA-DRAM/vivado.log
# Journal file: /home/user/workspace/SiMRA-DRAM/vivado.jou
#-----------------------------------------------------------
start_gui
open_hw_manager
connect_hw_server -allow_non_jtag
open_hw_target
current_hw_device [get_hw_devices xcu200_0]
refresh_hw_device -update_hw_probes false [lindex [get_hw_devices xcu200_0] 0]
set_property PROBES.FILE {/home/user/workspace/SiMRA-DRAM/DRAM-Bender/prebuilt/XCU200/XCU200_C1_UDIMM_1R_x8.ltx} [get_hw_devices xcu200_0]
set_property FULL_PROBES.FILE {/home/user/workspace/SiMRA-DRAM/DRAM-Bender/prebuilt/XCU200/XCU200_C1_UDIMM_1R_x8.ltx} [get_hw_devices xcu200_0]
set_property PROGRAM.FILE {/home/user/workspace/SiMRA-DRAM/DRAM-Bender/prebuilt/XCU200/XCU200_C1_UDIMM_1R_x8.bit} [get_hw_devices xcu200_0]
program_hw_devices [get_hw_devices xcu200_0]
refresh_hw_device [lindex [get_hw_devices xcu200_0] 0]
set_property PROBES.FILE {/home/user/workspace/SiMRA-DRAM/DRAM-Bender/prebuilt/XCU200/XCU200_C1_RDIMM_1R_x4.ltx} [get_hw_devices xcu200_0]
set_property FULL_PROBES.FILE {/home/user/workspace/SiMRA-DRAM/DRAM-Bender/prebuilt/XCU200/XCU200_C1_RDIMM_1R_x4.ltx} [get_hw_devices xcu200_0]
set_property PROGRAM.FILE {/home/user/workspace/SiMRA-DRAM/DRAM-Bender/prebuilt/XCU200/XCU200_C1_RDIMM_1R_x4.bit} [get_hw_devices xcu200_0]
program_hw_devices [get_hw_devices xcu200_0]
refresh_hw_device [lindex [get_hw_devices xcu200_0] 0]
